warning: unused import: `PotentialMiss`
 --> warden/src/shadow_ner.rs:1:23
  |
1 | use iw_core::traits::{PotentialMiss};
  |                       ^^^^^^^^^^^^^
  |
  = note: `#[warn(unused_imports)]` (part of `#[warn(unused)]`) on by default

warning: unused import: `crate::normalize::OffsetMap`
 --> warden/src/shadow_ner.rs:2:5
  |
2 | use crate::normalize::OffsetMap;
  |     ^^^^^^^^^^^^^^^^^^^^^^^^^^^

warning: unused import: `warn`
 --> worker/src/audit.rs:9:28
  |
9 | use tracing::{info, error, warn};
  |                            ^^^^
  |
  = note: `#[warn(unused_imports)]` (part of `#[warn(unused)]`) on by default

[2m2026-05-05T17:35:25.646694Z[0m [32m INFO[0m [2mapp[0m[2m:[0m Initializing IronWarden V1.2 - Sovereign Standalone Appliance
[2m2026-05-05T17:35:25.650810Z[0m [32m INFO[0m [2miw_warden::ai[0m[2m:[0m FORGE: Igniting local BERT-NER engine (Physical Inference)...
[2m2026-05-05T17:35:25.946826Z[0m [32m INFO[0m [2mcached_path::cache[0m[2m:[0m Cached version of https://huggingface.co/dbmdz/bert-large-cased-finetuned-conll03-english/resolve/main/vocab.txt is up-to-date
[2m2026-05-05T17:35:26.199227Z[0m [32m INFO[0m [2mcached_path::cache[0m[2m:[0m Cached version of https://huggingface.co/dbmdz/bert-large-cased-finetuned-conll03-english/resolve/main/config.json is up-to-date
[2m2026-05-05T17:35:26.574181Z[0m [32m INFO[0m [2mcached_path::cache[0m[2m:[0m Cached version of https://huggingface.co/dbmdz/bert-large-cased-finetuned-conll03-english/resolve/main/rust_model.ot is up-to-date
[2m2026-05-05T17:35:26.751228Z[0m [32m INFO[0m [2mcached_path::cache[0m[2m:[0m Cached version of https://huggingface.co/dbmdz/bert-large-cased-finetuned-conll03-english/resolve/main/config.json is up-to-date
[2m2026-05-05T17:35:32.596917Z[0m [32m INFO[0m [2miw_warden::config[0m[2m:[0m Hybrid Intelligence (Local BERT) initialized with threshold 0.85
[2m2026-05-05T17:35:32.635446Z[0m [32m INFO[0m [2mworker::audit[0m[2m:[0m Warden Audit Worker (Dedicated Writer Thread) ignited.
[2m2026-05-05T17:35:32.638211Z[0m [32m INFO[0m [2mworker::audit[0m[2m:[0m Audit database anchored and verified.
[2m2026-05-05T17:35:32.642226Z[0m [33m WARN[0m [2mworker::librarian[0m[2m:[0m LanceDB: 'documents' table not found. Heuristic retrieval will return empty results.
[2m2026-05-05T17:35:32.663791Z[0m [32m INFO[0m [2mapp[0m[2m:[0m IronWarden Forge ignited. Dual Control Planes online.
[2m2026-05-05T17:35:32.663974Z[0m [32m INFO[0m [2mmcp::server[0m[2m:[0m IronWarden Stdio Server running in Parallel Mode with AI Concurrency Gating.
