warning: unused import: `error`
 --> core/src/fips.rs:1:27
  |
1 | ...warn, error};
  |          ^^^^^
  |
  = note: `#[warn(unused_imports)]` (part of `#[warn(unused)]`) on by default

warning: use of deprecated associated function `aes_gcm::aead::generic_array::GenericArray::<T, N>::from_slice`: please upgrade to generic-array 1.x
  --> core/src/crypto.rs:42:28
   |
42 | ...e::from_slice(&no...
   |       ^^^^^^^^^^
   |
   = note: `#[warn(deprecated)]` on by default

warning: use of deprecated associated function `aes_gcm::aead::generic_array::GenericArray::<T, N>::from_slice`: please upgrade to generic-array 1.x
  --> core/src/crypto.rs:52:37
   |
52 | ...>::from_slice(&ke...
   |       ^^^^^^^^^^

warning: use of deprecated associated function `aes_gcm::aead::generic_array::GenericArray::<T, N>::from_slice`: please upgrade to generic-array 1.x
  --> core/src/crypto.rs:83:28
   |
83 | ...e::from_slice(non...
   |       ^^^^^^^^^^

warning: use of deprecated associated function `aes_gcm::aead::generic_array::GenericArray::<T, N>::from_slice`: please upgrade to generic-array 1.x
  --> core/src/crypto.rs:93:37
   |
93 | ...>::from_slice(&ke...
   |       ^^^^^^^^^^

warning: `iw_core` (lib) generated 5 warnings (run `cargo fix --lib -p iw_core` to apply 1 suggestion)
warning: unused import: `regex::Regex`
 --> warden/src/normalize.rs:2:5
  |
2 | use regex::Regex;
  |     ^^^^^^^^^^^^
  |
  = note: `#[warn(unused_imports)]` (part of `#[warn(unused)]`) on by default

warning: unused import: `once_cell::sync::Lazy`
 --> warden/src/normalize.rs:3:5
  |
3 | use once_cell::sync::Lazy;
  |     ^^^^^^^^^^^^^^^^^^^^^

warning: unused import: `std::collections::HashMap`
 --> warden/src/engine.rs:6:5
  |
6 | use std::collections::HashMap;
  |     ^^^^^^^^^^^^^^^^^^^^^^^^^

warning: unused import: `std::sync::atomic::Ordering`
 --> warden/src/engine.rs:7:5
  |
7 | use std::sync::atomic::Ordering;
  |     ^^^^^^^^^^^^^^^^^^^^^^^^^^^

warning: unused import: `PotentialMiss`
 --> warden/src/shadow_ner.rs:2:23
  |
2 | ...::{PotentialMiss, E...
  |       ^^^^^^^^^^^^^

warning: unused import: `crate::normalize::OffsetMap`
 --> warden/src/shadow_ner.rs:4:5
  |
4 | use crate::normalize::OffsetMap;
  |     ^^^^^^^^^^^^^^^^^^^^^^^^^^^

warning: unused import: `PathBuf`
 --> warden/src/ai.rs:5:23
  |
5 | ...ath, PathBuf};
  |         ^^^^^^^

warning: unused import: `std::sync::Arc`
 --> warden/src/ai.rs:7:5
  |
7 | use std::sync::Arc;
  |     ^^^^^^^^^^^^^^

warning: use of deprecated associated function `aes_gcm::aead::generic_array::GenericArray::<T, N>::from_slice`: please upgrade to generic-array 1.x
   --> warden/src/engine.rs:110:37
    |
110 | ...>::from_slice(&k...
    |       ^^^^^^^^^^
    |
    = note: `#[warn(deprecated)]` on by default

warning: use of deprecated associated function `aes_gcm::aead::generic_array::GenericArray::<T, N>::from_slice`: please upgrade to generic-array 1.x
   --> warden/src/engine.rs:547:28
    |
547 | ...e::from_slice(&n...
    |       ^^^^^^^^^^

warning: use of deprecated associated function `aes_gcm::aead::generic_array::GenericArray::<T, N>::from_slice`: please upgrade to generic-array 1.x
   --> warden/src/engine.rs:569:28
    |
569 | ...e::from_slice(no...
    |       ^^^^^^^^^^

warning: variable does not need to be mutable
   --> warden/src/engine.rs:269:17
    |
269 | ...or mut mat in ma...
    |       ----^^^
    |       |
    |       help: remove this `mut`
    |
    = note: `#[warn(unused_mut)]` (part of `#[warn(unused)]`) on by default

warning: unused variable: `text_str`
   --> warden/src/engine.rs:296:21
    |
296 | ...et text_str = st...
    |       ^^^^^^^^ help: if this is intentional, prefix it with an underscore: `_text_str`
    |
    = note: `#[warn(unused_variables)]` (part of `#[warn(unused)]`) on by default

warning: unused variable: `e`
  --> warden/src/ai.rs:92:17
   |
92 | ...   Err(e) => retu...
   |           ^ help: if this is intentional, prefix it with an underscore: `_e`

warning: unused variable: `e`
  --> warden/src/ai.rs:97:17
   |
97 | ...   Err(e) => retu...
   |           ^ help: if this is intentional, prefix it with an underscore: `_e`

warning: unused variable: `e`
   --> warden/src/ai.rs:114:17
    |
114 | ... Err(e) => retur...
    |         ^ help: if this is intentional, prefix it with an underscore: `_e`

warning: constant `SEMANTIC_CACHE_THRESHOLD` is never used
  --> warden/src/engine.rs:18:7
   |
18 | const SEMANTIC_CACHE_THRESHOLD: f...
   |       ^^^^^^^^^^^^^^^^^^^^^^^^
   |
   = note: `#[warn(dead_code)]` (part of `#[warn(unused)]`) on by default

warning: field `is_confirmed` is never read
   --> warden/src/engine.rs:167:5
    |
162 | struct UnifiedMatch {
    |        ------------ field in this struct
...
167 |     is_confirmed: bool,
    |     ^^^^^^^^^^^^
    |
    = note: `UnifiedMatch` has derived impls for the traits `Debug` and `Clone`, but these are intentionally ignored during dead code analysis

warning: function `combine_actions` is never used
   --> warden/src/engine.rs:533:4
    |
533 | fn combine_actions(a:...
    |    ^^^^^^^^^^^^^^^

warning: field `global_name_re` is never read
  --> warden/src/shadow_ner.rs:18:5
   |
16 | pub struct ShadowNer {
   |            --------- field in this struct
17 |     patterns: Vec<(Rege...
18 |     global_name_re: Regex,
   |     ^^^^^^^^^^^^^^

warning: field `threshold` is never read
   --> warden/src/ai.rs:188:5
    |
185 | pub struct HybridNerPool {
    |            ------------- field in this struct
...
188 |     threshold: f64,
    |     ^^^^^^^^^

warning: `iw-warden` (lib) generated 21 warnings (run `cargo fix --lib -p iw-warden` to apply 13 suggestions)
    Checking worker v0.1.0 (/home/somnerd/Documents/Projects/IronWarden/worker)
warning: `iw_core` (lib test) generated 5 warnings (5 duplicates)
warning: use of deprecated method `hmac::digest::generic_array::GenericArray::<T, N>::as_slice`: please upgrade to generic-array 1.x
   --> cli/src/main.rs:185:40
    |
185 | ...ash.as_slice() =...
    |        ^^^^^^^^
    |
    = note: `#[warn(deprecated)]` on by default

warning: `iw-cli` (bin "iw-cli" test) generated 1 warning
    Checking iw-warden v0.1.0 (/home/somnerd/Documents/Projects/IronWarden/warden)
warning: unused import: `crate::config::HeuristicConfig`
   --> warden/src/engine.rs:588:9
    |
588 | ...se crate::config::HeuristicConfig;
    |       ^^^^^^^^^^^^^^^^^^^^^^^^^^^^^^

error[E0433]: cannot find module or crate `bytes` in this scope
   --> worker/src/searchboost.rs:158:64
    |
158 | ...ompt(bytes::Byte...
    |         ^^^^^ use of unresolved module or unlinked crate `bytes`
    |
    = help: if you wanted to use a crate named `bytes`, use `cargo add bytes` to add it to your `Cargo.toml`
help: consider importing one of these structs
    |
  1 + use std::io::Bytes;
    |
  1 + use std::str::Bytes;
    |
  1 + use core::str::Bytes;
    |
help: if you import `Bytes`, refer to it directly
    |
158 -                     if let Ok(report) = shield.sanitize_prompt(bytes::Bytes::from(res.to_string()), None).await {
158 +                     if let Ok(report) = shield.sanitize_prompt(Bytes::from(res.to_string()), None).await {
    |

error[E0433]: cannot find module or crate `bytes` in this scope
   --> worker/src/bridge.rs:142:53
    |
142 | ...ompt(bytes::Byte...
    |         ^^^^^ use of unresolved module or unlinked crate `bytes`
    |
    = help: if you wanted to use a crate named `bytes`, use `cargo add bytes` to add it to your `Cargo.toml`
help: consider importing one of these structs
    |
  1 + use std::io::Bytes;
    |
  1 + use std::str::Bytes;
    |
  1 + use core::str::Bytes;
    |
help: if you import `Bytes`, refer to it directly
    |
142 -     let report = match state.shield.sanitize_prompt(bytes::Bytes::from(payload.query.clone()), Some(&user_context)).await {
142 +     let report = match state.shield.sanitize_prompt(Bytes::from(payload.query.clone()), Some(&user_context)).await {
    |

warning: unused import: `warn`
 --> worker/src/audit.rs:8:28
  |
8 | ...error, warn};
  |           ^^^^
  |
  = note: `#[warn(unused_imports)]` (part of `#[warn(unused)]`) on by default

warning: unused import: `rusqlite::ErrorCode`
 --> worker/src/storage.rs:7:5
  |
7 | use rusqlite::ErrorCode;
  |     ^^^^^^^^^^^^^^^^^^^

warning: unused import: `warn`
 --> worker/src/librarian.rs:7:21
  |
7 | ...{info, warn};
  |           ^^^^

error[E0308]: mismatched types
   --> warden/src/engine.rs:666:48
    |
666 | ...xt.contains("[TOKEN_1]"));
    |       -------- ^^^^^^^^^^^ expected `&u8`, found `&str`
    |       |
    |       arguments to this method are incorrect
    |
    = note: expected reference `&u8`
               found reference `&'static str`
note: method defined here
   --> /rustc/ac68faa20c58cbccd01ee7208bf3b6e93a7d7f96/library/core/src/slice/mod.rs:2589:11

error[E0308]: mismatched types
   --> warden/src/engine.rs:687:49
    |
687 | ...xt.contains("Alice"), ...
    |       -------- ^^^^^^^ expected `&u8`, found `&str`
    |       |
    |       arguments to this method are incorrect
    |
    = note: expected reference `&u8`
               found reference `&'static str`
note: method defined here
   --> /rustc/ac68faa20c58cbccd01ee7208bf3b6e93a7d7f96/library/core/src/slice/mod.rs:2589:11

For more information about this error, try `rustc --explain E0308`.
warning: `iw-warden` (lib test) generated 17 warnings (16 duplicates)
error: could not compile `iw-warden` (lib test) due to 2 previous errors; 17 warnings emitted
warning: build failed, waiting for other jobs to finish...
error[E0308]: mismatched types
   --> worker/src/searchboost.rs:161:47
    |
159 | ...   scrubbed_results.push(report.sanitized_text);
    |       ----------------      --------------------- this argument has type `axum::body::Bytes`...
    |       |
    |       ... which causes `scrubbed_results` to have type `Vec<axum::body::Bytes>`
160 | ... else {
161 | ...   scrubbed_results.push("[REDACTION_FAILURE]".to_string());
    |                        ---- ^^^^^^^^^^^^^^^^^^^^^^^^^^^^^^^^^ expected `Bytes`, found `String`
    |                        |
    |                        arguments to this method are incorrect
    |
note: method defined here
   --> /rustc/ac68faa20c58cbccd01ee7208bf3b6e93a7d7f96/library/alloc/src/vec/mod.rs:1003:11
help: call `Into::into` on this expression to convert `std::string::String` into `axum::body::Bytes`
    |
161 |                         scrubbed_results.push("[REDACTION_FAILURE]".to_string().into());
    |                                                                                +++++++

error[E0308]: mismatched types
   --> worker/src/searchboost.rs:165:36
    |
155 | ...ults = Vec::new();
    |           ---------- expected due to this value
...
165 | ... = results;
    |       ^^^^^^^ expected `Vec<Bytes>`, found `Vec<String>`
    |
    = note: expected struct `Vec<axum::body::Bytes>`
               found struct `Vec<std::string::String>`

error[E0277]: the trait bound `[...]: Join<...>` is not satisfied
   --> worker/src/searchboost.rs:171:39
    |
171 | ...ts.join("\n---\n")
    |       ---- ^^^^^^^^^ unsatisfied trait bound
    |       |
    |       required by a bound introduced by this call
    |
    = help: the nightly-only, unstable trait `std::slice::Join<&str>` is not implemented for `[Bytes]`
help: the following other types implement trait `Join<Separator>`
   --> /rustc/ac68faa20c58cbccd01ee7208bf3b6e93a7d7f96/library/std/src/ffi/os_str.rs:1667:0
    |
    = note: `[S]` implements `Join<&OsStr>`
   --> /rustc/ac68faa20c58cbccd01ee7208bf3b6e93a7d7f96/library/alloc/src/str.rs:72:0
    |
    = note: `[S]` implements `Join<&str>`
   --> /rustc/ac68faa20c58cbccd01ee7208bf3b6e93a7d7f96/library/alloc/src/slice.rs:741:0
    |
    = note: `[V]` implements `Join<&T>`
   ::: /rustc/ac68faa20c58cbccd01ee7208bf3b6e93a7d7f96/library/alloc/src/slice.rs:764:0
    |
    = note: `[V]` implements `Join<&[T]>`
note: required by a bound in `std::slice::<impl [T]>::join`
   --> /rustc/ac68faa20c58cbccd01ee7208bf3b6e93a7d7f96/library/alloc/src/slice.rs:596:4
    = note: the full name for the type has been written to '/home/somnerd/Documents/Projects/IronWarden/target/debug/deps/worker-bfa60cbb2ac81c95.long-type-15828512249166423968.txt'
    = note: consider using `--verbose` to print the full type name to the console

error[E0277]: the trait bound `[...]: Join<...>` is not satisfied
   --> worker/src/searchboost.rs:171:39
    |
171 | ...ts.join("\n---\n")
    |       ---- ^^^^^^^^^ unsatisfied trait bound
    |       |
    |       required by a bound introduced by this call
    |
    = help: the nightly-only, unstable trait `std::slice::Join<&str>` is not implemented for `[Bytes]`
help: the following other types implement trait `Join<Separator>`
   --> /rustc/ac68faa20c58cbccd01ee7208bf3b6e93a7d7f96/library/std/src/ffi/os_str.rs:1667:0
    |
    = note: `[S]` implements `Join<&OsStr>`
   --> /rustc/ac68faa20c58cbccd01ee7208bf3b6e93a7d7f96/library/alloc/src/str.rs:72:0
    |
    = note: `[S]` implements `Join<&str>`
   --> /rustc/ac68faa20c58cbccd01ee7208bf3b6e93a7d7f96/library/alloc/src/slice.rs:741:0
    |
    = note: `[V]` implements `Join<&T>`
   ::: /rustc/ac68faa20c58cbccd01ee7208bf3b6e93a7d7f96/library/alloc/src/slice.rs:764:0
    |
    = note: `[V]` implements `Join<&[T]>`
note: required by a bound in `std::slice::<impl [T]>::join`
   --> /rustc/ac68faa20c58cbccd01ee7208bf3b6e93a7d7f96/library/alloc/src/slice.rs:596:4
    = note: the full name for the type has been written to '/home/somnerd/Documents/Projects/IronWarden/target/debug/deps/worker-342e96cd1172ae37.long-type-4493463855013656049.txt'
    = note: consider using `--verbose` to print the full type name to the console

error[E0308]: mismatched types
   --> worker/src/bridge.rs:177:9
    |
176 | ...atch state.queue.enqueue(
    |                     ------- arguments to this method are incorrect
177 | ...   report.sanitized_text,
    |       ^^^^^^^^^^^^^^^^^^^^^ expected `String`, found `Bytes`
    |
note: method defined here
   --> worker/src/searchboost.rs:215:18
    |
215 | ...ub async fn enqueue(
    |                ^^^^^^^
216 | ...   &self,
217 | ...   sanitized_query: String,
    |       -----------------------

warning: use of deprecated method `hmac::digest::generic_array::GenericArray::<T, N>::as_slice`: please upgrade to generic-array 1.x
   --> worker/src/audit.rs:451:44
    |
451 | ...ash.as_slice() !...
    |        ^^^^^^^^
    |
    = note: `#[warn(deprecated)]` on by default

warning: value assigned to `conn` is never read
   --> worker/src/audit.rs:102:48
    |
102 | ...ut conn: Option<Connection> = None;
    |                                  ^^^^ this value is reassigned later and never used
...
108 | ...   conn = Some(c);
    |       ---- `conn` is overwritten here before the previous value is read
    |
    = note: `#[warn(unused_assignments)]` (part of `#[warn(unused)]`) on by default

warning: value assigned to `last_id` is never read
   --> worker/src/audit.rs:104:36
    |
104 | ...ut last_id: i64 = 0;
    |                      ^ this value is reassigned later and never used
...
110 | ...   last_id = id;
    |       ------------ `last_id` is overwritten here before the previous value is read

Some errors have detailed explanations: E0277, E0308, E0433.
For more information about an error, try `rustc --explain E0277`.
warning: `worker` (lib test) generated 6 warnings (3 duplicates)
error: could not compile `worker` (lib test) due to 6 previous errors; 6 warnings emitted
warning: `worker` (lib) generated 6 warnings (3 duplicates)
error: could not compile `worker` (lib) due to 6 previous errors; 6 warnings emitted
